<?xml version="1.0" encoding="UTF-8"?>
<testsuites>
	<testsuite tests="0" failures="0" time="0.000000" name="authorizer/cmd/authorizer">
		<properties>
			<property name="go.version" value="go1.16.2 linux/amd64"></property>
		</properties>
	</testsuite>
	<testsuite tests="5" failures="0" time="0.000000" name="authorizer/cmd/root">
		<properties>
			<property name="go.version" value="go1.16.2 linux/amd64"></property>
		</properties>
		<testcase classname="authorizer/cmd/root" name="TestExecute/unknownCommand" time="0.000000"></testcase>
		<testcase classname="authorizer/cmd/root" name="TestExecute/createAccount" time="0.000000"></testcase>
		<testcase classname="authorizer/cmd/root" name="TestExecute/doubleCreateAccount" time="0.000000"></testcase>
		<testcase classname="authorizer/cmd/root" name="TestExecute/createAndProcess" time="0.000000"></testcase>
		<testcase classname="authorizer/cmd/root" name="TestExecute" time="0.000000"></testcase>
	</testsuite>
	<testsuite tests="0" failures="0" time="0.000000" name="authorizer/internal/app/errors">
		<properties>
			<property name="go.version" value="go1.16.2 linux/amd64"></property>
		</properties>
	</testsuite>
	<testsuite tests="0" failures="0" time="0.000000" name="authorizer/internal/app/model">
		<properties>
			<property name="go.version" value="go1.16.2 linux/amd64"></property>
		</properties>
	</testsuite>
	<testsuite tests="10" failures="2" time="0.000000" name="authorizer/internal/app/service">
		<properties>
			<property name="go.version" value="go1.16.2 linux/amd64"></property>
		</properties>
		<testcase classname="authorizer/internal/app/service" name="TestNew/success" time="0.000000">
			<failure message="Failed" type="">=== RUN   TestNew/success&#xA;    service_test.go:28: New() = &amp;{0x7c9980 [0x5cc260 0x5cc3a0 0x5cc500 0x5cc7e0]}, want &amp;{0x7c9980 []}&#xA;    --- FAIL: TestNew/success (0.00s)&#xA;</failure>
		</testcase>
		<testcase classname="authorizer/internal/app/service" name="TestNew" time="0.000000">
			<failure message="Failed" type="">=== RUN   TestNew&#xA;--- FAIL: TestNew (0.00s)&#xA;</failure>
		</testcase>
		<testcase classname="authorizer/internal/app/service" name="TestReadCreateAccount/successCase" time="0.000000"></testcase>
		<testcase classname="authorizer/internal/app/service" name="TestReadCreateAccount/OtherStructure" time="0.000000"></testcase>
		<testcase classname="authorizer/internal/app/service" name="TestReadCreateAccount/invalidString" time="0.000000"></testcase>
		<testcase classname="authorizer/internal/app/service" name="TestReadCreateAccount" time="0.000000"></testcase>
		<testcase classname="authorizer/internal/app/service" name="TestReadProcessTransaction/successCase" time="0.000000"></testcase>
		<testcase classname="authorizer/internal/app/service" name="TestReadProcessTransaction/OtherStructure" time="0.000000"></testcase>
		<testcase classname="authorizer/internal/app/service" name="TestReadProcessTransaction/invalidString" time="0.000000"></testcase>
		<testcase classname="authorizer/internal/app/service" name="TestReadProcessTransaction" time="0.000000"></testcase>
	</testsuite>
	<testsuite tests="10" failures="0" time="0.000000" name="authorizer/internal/app/storage">
		<properties>
			<property name="go.version" value="go1.16.2 linux/amd64"></property>
		</properties>
		<testcase classname="authorizer/internal/app/storage" name="TestInMemory_GenerateAccountID/defaultID" time="0.000000"></testcase>
		<testcase classname="authorizer/internal/app/storage" name="TestInMemory_GenerateAccountID" time="0.000000"></testcase>
		<testcase classname="authorizer/internal/app/storage" name="TestInMemory_CreateAccount/successfulCreation" time="0.000000"></testcase>
		<testcase classname="authorizer/internal/app/storage" name="TestInMemory_CreateAccount" time="0.000000"></testcase>
		<testcase classname="authorizer/internal/app/storage" name="TestInMemory_GetTransactions/success" time="0.000000"></testcase>
		<testcase classname="authorizer/internal/app/storage" name="TestInMemory_GetTransactions/empty" time="0.000000"></testcase>
		<testcase classname="authorizer/internal/app/storage" name="TestInMemory_GetTransactions" time="0.000000"></testcase>
		<testcase classname="authorizer/internal/app/storage" name="TestInMemory_GetAccount/success" time="0.000000"></testcase>
		<testcase classname="authorizer/internal/app/storage" name="TestInMemory_GetAccount/empty" time="0.000000"></testcase>
		<testcase classname="authorizer/internal/app/storage" name="TestInMemory_GetAccount" time="0.000000"></testcase>
	</testsuite>
	<testsuite tests="0" failures="0" time="0.000000" name="authorizer/internal/common/logfile">
		<properties>
			<property name="go.version" value="go1.16.2 linux/amd64"></property>
		</properties>
	</testsuite>
</testsuites>